[1.650s] Invoking command in '/home/sahilss2/Desktop/ECE470Labs/Lab2/build/ece470labs': DEBUGINFOD_URLS=https://debuginfod.ubuntu.com PYTHONPATH=/home/sahilss2/Desktop/ECE470Labs/Lab2/build/ece470labs/prefix_override:/usr/lib/python3/dist-packages/colcon_core/task/python/colcon_distutils_commands:/home/sahilss2/Desktop/ECE470Labs/Lab2/install/ece470labs/lib/python3.12/site-packages:${PYTHONPATH} /usr/bin/python3 -W ignore:setup.py install is deprecated -W ignore:easy_install command is deprecated setup.py develop --editable --build-directory /home/sahilss2/Desktop/ECE470Labs/Lab2/build/ece470labs/build --no-deps symlink_data
[2.148s] running develop
[2.356s] running egg_info
[2.376s] writing ece470labs.egg-info/PKG-INFO
[2.376s] writing dependency_links to ece470labs.egg-info/dependency_links.txt
[2.377s] writing entry points to ece470labs.egg-info/entry_points.txt
[2.377s] writing requirements to ece470labs.egg-info/requires.txt
[2.377s] writing top-level names to ece470labs.egg-info/top_level.txt
[2.424s] reading manifest file 'ece470labs.egg-info/SOURCES.txt'
[2.425s] writing manifest file 'ece470labs.egg-info/SOURCES.txt'
[2.457s] running build_ext
[2.457s] Creating /home/sahilss2/Desktop/ECE470Labs/Lab2/install/ece470labs/lib/python3.12/site-packages/ece470labs.egg-link (link to .)
[2.457s] Installing lab2_exec script to /home/sahilss2/Desktop/ECE470Labs/Lab2/install/ece470labs/lib/ece470labs
[2.458s] Installing lab3_exec script to /home/sahilss2/Desktop/ECE470Labs/Lab2/install/ece470labs/lib/ece470labs
[2.458s] Installing lab4_exec script to /home/sahilss2/Desktop/ECE470Labs/Lab2/install/ece470labs/lib/ece470labs
[2.458s] Installing lab5_exec script to /home/sahilss2/Desktop/ECE470Labs/Lab2/install/ece470labs/lib/ece470labs
[2.459s] 
[2.459s] Installed /home/sahilss2/Desktop/ECE470Labs/Lab2/build/ece470labs
[2.459s] running symlink_data
[2.494s] Invoked command in '/home/sahilss2/Desktop/ECE470Labs/Lab2/build/ece470labs' returned '0': DEBUGINFOD_URLS=https://debuginfod.ubuntu.com PYTHONPATH=/home/sahilss2/Desktop/ECE470Labs/Lab2/build/ece470labs/prefix_override:/usr/lib/python3/dist-packages/colcon_core/task/python/colcon_distutils_commands:/home/sahilss2/Desktop/ECE470Labs/Lab2/install/ece470labs/lib/python3.12/site-packages:${PYTHONPATH} /usr/bin/python3 -W ignore:setup.py install is deprecated -W ignore:easy_install command is deprecated setup.py develop --editable --build-directory /home/sahilss2/Desktop/ECE470Labs/Lab2/build/ece470labs/build --no-deps symlink_data
