[0.092s] DEBUG:colcon:Command line arguments: ['/usr/bin/colcon', 'build', '--symlink-install']
[0.092s] DEBUG:colcon:Parsed command line arguments: Namespace(log_base=None, log_level=None, verb_name='build', build_base='build', install_base='install', merge_install=False, symlink_install=True, test_result_base=None, continue_on_error=False, executor='parallel', parallel_workers=12, event_handlers=None, ignore_user_meta=False, metas=['./colcon.meta'], base_paths=['.'], packages_ignore=None, packages_ignore_regex=None, paths=None, packages_up_to=None, packages_up_to_regex=None, packages_above=None, packages_above_and_dependencies=None, packages_above_depth=None, packages_select_by_dep=None, packages_skip_by_dep=None, packages_skip_up_to=None, packages_select_build_failed=False, packages_skip_build_finished=False, packages_select_test_failures=False, packages_skip_test_passed=False, packages_select=None, packages_skip=None, packages_select_regex=None, packages_skip_regex=None, packages_start=None, packages_end=None, allow_overriding=[], cmake_args=None, cmake_target=None, cmake_target_skip_unavailable=False, cmake_clean_cache=False, cmake_clean_first=False, cmake_force_configure=False, ament_cmake_args=None, catkin_cmake_args=None, catkin_skip_building_tests=False, mixin_files=None, mixin=None, verb_parser=<colcon_mixin.mixin.mixin_argument.MixinArgumentDecorator object at 0x79bb905220f0>, verb_extension=<colcon_core.verb.build.BuildVerb object at 0x79bb9069e990>, main=<bound method BuildVerb.main of <colcon_core.verb.build.BuildVerb object at 0x79bb9069e990>>, mixin_verb=('build',))
[0.220s] Level 1:colcon.colcon_core.package_discovery:discover_packages(colcon_meta) check parameters
[0.220s] Level 1:colcon.colcon_core.package_discovery:discover_packages(recursive) check parameters
[0.221s] Level 1:colcon.colcon_core.package_discovery:discover_packages(ignore) check parameters
[0.221s] Level 1:colcon.colcon_core.package_discovery:discover_packages(path) check parameters
[0.221s] Level 1:colcon.colcon_core.package_discovery:discover_packages(colcon_meta) discover
[0.221s] Level 1:colcon.colcon_core.package_discovery:discover_packages(recursive) discover
[0.221s] INFO:colcon.colcon_core.package_discovery:Crawling recursively for packages in '/home/sahilss2/Desktop/ECE470Labs/Lab2'
[0.221s] Level 1:colcon.colcon_core.package_identification:_identify(.) by extensions ['ignore', 'ignore_ament_install']
[0.221s] Level 1:colcon.colcon_core.package_identification:_identify(.) by extension 'ignore'
[0.221s] Level 1:colcon.colcon_core.package_identification:_identify(.) by extension 'ignore_ament_install'
[0.221s] Level 1:colcon.colcon_core.package_identification:_identify(.) by extensions ['colcon_pkg']
[0.221s] Level 1:colcon.colcon_core.package_identification:_identify(.) by extension 'colcon_pkg'
[0.221s] Level 1:colcon.colcon_core.package_identification:_identify(.) by extensions ['colcon_meta']
[0.221s] Level 1:colcon.colcon_core.package_identification:_identify(.) by extension 'colcon_meta'
[0.221s] Level 1:colcon.colcon_core.package_identification:_identify(.) by extensions ['ros']
[0.221s] Level 1:colcon.colcon_core.package_identification:_identify(.) by extension 'ros'
[0.243s] Level 1:colcon.colcon_core.package_identification:_identify(.) by extensions ['cmake', 'python']
[0.243s] Level 1:colcon.colcon_core.package_identification:_identify(.) by extension 'cmake'
[0.243s] Level 1:colcon.colcon_core.package_identification:_identify(.) by extension 'python'
[0.243s] Level 1:colcon.colcon_core.package_identification:_identify(.) by extensions ['python_setup_py']
[0.243s] Level 1:colcon.colcon_core.package_identification:_identify(.) by extension 'python_setup_py'
[0.243s] Level 1:colcon.colcon_core.package_identification:_identify(build) by extensions ['ignore', 'ignore_ament_install']
[0.244s] Level 1:colcon.colcon_core.package_identification:_identify(build) by extension 'ignore'
[0.244s] Level 1:colcon.colcon_core.package_identification:_identify(build) ignored
[0.244s] Level 1:colcon.colcon_core.package_identification:_identify(install) by extensions ['ignore', 'ignore_ament_install']
[0.244s] Level 1:colcon.colcon_core.package_identification:_identify(install) by extension 'ignore'
[0.244s] Level 1:colcon.colcon_core.package_identification:_identify(install) ignored
[0.244s] Level 1:colcon.colcon_core.package_identification:_identify(log) by extensions ['ignore', 'ignore_ament_install']
[0.244s] Level 1:colcon.colcon_core.package_identification:_identify(log) by extension 'ignore'
[0.244s] Level 1:colcon.colcon_core.package_identification:_identify(log) ignored
[0.244s] Level 1:colcon.colcon_core.package_identification:_identify(src) by extensions ['ignore', 'ignore_ament_install']
[0.244s] Level 1:colcon.colcon_core.package_identification:_identify(src) by extension 'ignore'
[0.244s] Level 1:colcon.colcon_core.package_identification:_identify(src) by extension 'ignore_ament_install'
[0.244s] Level 1:colcon.colcon_core.package_identification:_identify(src) by extensions ['colcon_pkg']
[0.244s] Level 1:colcon.colcon_core.package_identification:_identify(src) by extension 'colcon_pkg'
[0.244s] Level 1:colcon.colcon_core.package_identification:_identify(src) by extensions ['colcon_meta']
[0.244s] Level 1:colcon.colcon_core.package_identification:_identify(src) by extension 'colcon_meta'
[0.244s] Level 1:colcon.colcon_core.package_identification:_identify(src) by extensions ['ros']
[0.244s] Level 1:colcon.colcon_core.package_identification:_identify(src) by extension 'ros'
[0.244s] Level 1:colcon.colcon_core.package_identification:_identify(src) by extensions ['cmake', 'python']
[0.244s] Level 1:colcon.colcon_core.package_identification:_identify(src) by extension 'cmake'
[0.244s] Level 1:colcon.colcon_core.package_identification:_identify(src) by extension 'python'
[0.244s] Level 1:colcon.colcon_core.package_identification:_identify(src) by extensions ['python_setup_py']
[0.244s] Level 1:colcon.colcon_core.package_identification:_identify(src) by extension 'python_setup_py'
[0.244s] Level 1:colcon.colcon_core.package_identification:_identify(src/ece470labs) by extensions ['ignore', 'ignore_ament_install']
[0.245s] Level 1:colcon.colcon_core.package_identification:_identify(src/ece470labs) by extension 'ignore'
[0.245s] Level 1:colcon.colcon_core.package_identification:_identify(src/ece470labs) by extension 'ignore_ament_install'
[0.245s] Level 1:colcon.colcon_core.package_identification:_identify(src/ece470labs) by extensions ['colcon_pkg']
[0.245s] Level 1:colcon.colcon_core.package_identification:_identify(src/ece470labs) by extension 'colcon_pkg'
[0.245s] Level 1:colcon.colcon_core.package_identification:_identify(src/ece470labs) by extensions ['colcon_meta']
[0.245s] Level 1:colcon.colcon_core.package_identification:_identify(src/ece470labs) by extension 'colcon_meta'
[0.245s] Level 1:colcon.colcon_core.package_identification:_identify(src/ece470labs) by extensions ['ros']
[0.245s] Level 1:colcon.colcon_core.package_identification:_identify(src/ece470labs) by extension 'ros'
[0.247s] DEBUG:colcon.colcon_core.package_identification:Package 'src/ece470labs' with type 'ros.ament_python' and name 'ece470labs'
[0.247s] Level 1:colcon.colcon_core.package_discovery:discover_packages(recursive) using defaults
[0.247s] Level 1:colcon.colcon_core.package_discovery:discover_packages(ignore) discover
[0.247s] Level 1:colcon.colcon_core.package_discovery:discover_packages(ignore) using defaults
[0.247s] Level 1:colcon.colcon_core.package_discovery:discover_packages(path) discover
[0.247s] Level 1:colcon.colcon_core.package_discovery:discover_packages(path) using defaults
[0.263s] Level 1:colcon.colcon_core.package_discovery:discover_packages(prefix_path) check parameters
[0.263s] Level 1:colcon.colcon_core.package_discovery:discover_packages(prefix_path) discover
[0.263s] Level 1:colcon.colcon_core.package_discovery:discover_packages(prefix_path) using defaults
[0.264s] Level 5:colcon.colcon_core.verb:set package 'ece470labs' build argument 'cmake_args' from command line to 'None'
[0.264s] Level 5:colcon.colcon_core.verb:set package 'ece470labs' build argument 'cmake_target' from command line to 'None'
[0.264s] Level 5:colcon.colcon_core.verb:set package 'ece470labs' build argument 'cmake_target_skip_unavailable' from command line to 'False'
[0.264s] Level 5:colcon.colcon_core.verb:set package 'ece470labs' build argument 'cmake_clean_cache' from command line to 'False'
[0.264s] Level 5:colcon.colcon_core.verb:set package 'ece470labs' build argument 'cmake_clean_first' from command line to 'False'
[0.264s] Level 5:colcon.colcon_core.verb:set package 'ece470labs' build argument 'cmake_force_configure' from command line to 'False'
[0.264s] Level 5:colcon.colcon_core.verb:set package 'ece470labs' build argument 'ament_cmake_args' from command line to 'None'
[0.264s] Level 5:colcon.colcon_core.verb:set package 'ece470labs' build argument 'catkin_cmake_args' from command line to 'None'
[0.264s] Level 5:colcon.colcon_core.verb:set package 'ece470labs' build argument 'catkin_skip_building_tests' from command line to 'False'
[0.264s] DEBUG:colcon.colcon_core.verb:Building package 'ece470labs' with the following arguments: {'ament_cmake_args': None, 'build_base': '/home/sahilss2/Desktop/ECE470Labs/Lab2/build/ece470labs', 'catkin_cmake_args': None, 'catkin_skip_building_tests': False, 'cmake_args': None, 'cmake_clean_cache': False, 'cmake_clean_first': False, 'cmake_force_configure': False, 'cmake_target': None, 'cmake_target_skip_unavailable': False, 'install_base': '/home/sahilss2/Desktop/ECE470Labs/Lab2/install/ece470labs', 'merge_install': False, 'path': '/home/sahilss2/Desktop/ECE470Labs/Lab2/src/ece470labs', 'symlink_install': True, 'test_result_base': None}
[0.264s] INFO:colcon.colcon_core.executor:Executing jobs using 'parallel' executor
[0.265s] DEBUG:colcon.colcon_parallel_executor.executor.parallel:run_until_complete
[0.266s] INFO:colcon.colcon_ros.task.ament_python.build:Building ROS package in '/home/sahilss2/Desktop/ECE470Labs/Lab2/src/ece470labs' with build type 'ament_python'
[0.266s] Level 1:colcon.colcon_core.shell:create_environment_hook('ece470labs', 'ament_prefix_path')
[0.268s] INFO:colcon.colcon_core.plugin_system:Skipping extension 'colcon_core.shell.bat': Not used on non-Windows systems
[0.268s] INFO:colcon.colcon_core.shell:Creating environment hook '/home/sahilss2/Desktop/ECE470Labs/Lab2/install/ece470labs/share/ece470labs/hook/ament_prefix_path.ps1'
[0.268s] INFO:colcon.colcon_core.shell:Creating environment descriptor '/home/sahilss2/Desktop/ECE470Labs/Lab2/install/ece470labs/share/ece470labs/hook/ament_prefix_path.dsv'
[0.269s] INFO:colcon.colcon_core.shell:Creating environment hook '/home/sahilss2/Desktop/ECE470Labs/Lab2/install/ece470labs/share/ece470labs/hook/ament_prefix_path.sh'
[0.269s] INFO:colcon.colcon_core.shell:Skip shell extension 'powershell' for command environment: Not usable outside of PowerShell
[0.270s] DEBUG:colcon.colcon_core.shell:Skip shell extension 'dsv' for command environment
[0.528s] INFO:colcon.colcon_core.task.python.build:Building Python package in '/home/sahilss2/Desktop/ECE470Labs/Lab2/src/ece470labs'
[0.528s] INFO:colcon.colcon_core.shell:Skip shell extension 'powershell' for command environment: Not usable outside of PowerShell
[0.528s] DEBUG:colcon.colcon_core.shell:Skip shell extension 'dsv' for command environment
[1.103s] DEBUG:colcon.colcon_core.task.python.build:Available setuptools commands: extract_messages, test, build_clib, register, update_catalog, build, setopt, install_egg_info, upload_docs, rotate, install_scripts, upload, install, bdist, build_scripts, saveopts, install_data, develop, compile_catalog, build_ext, bdist_egg, dist_info, build_py, alias, egg_info, bdist_rpm, symlink_data, clean, editable_wheel, install_lib, bdist_dumb, init_catalog, easy_install, check, bdist_wheel, install_headers, sdist
[1.466s] DEBUG:colcon.colcon_core.task.python.build:Available setuptools 'develop' options: --find-links, --version, --install-layout, --quiet, --upgrade, --index-url, --always-unzip, --site-dirs, --verbose, --script-dir, --user, --dry-run, --help, --install-dir, --no-deps, --build-directory, --record, --allow-hosts, --prefix, --no-find-links, --editable, --multi-version, --force-installation-into-system-dir, --always-copy, --exclude-scripts, --no-user-cfg, --zip-ok, --optimize, --egg-path, --uninstall, --local-snapshots-ok
[1.470s] DEBUG:colcon.colcon_core.event_handler.log_command:Invoking command in '/home/sahilss2/Desktop/ECE470Labs/Lab2/build/ece470labs': DEBUGINFOD_URLS=https://debuginfod.ubuntu.com PYTHONPATH=/home/sahilss2/Desktop/ECE470Labs/Lab2/build/ece470labs/prefix_override:/usr/lib/python3/dist-packages/colcon_core/task/python/colcon_distutils_commands:/home/sahilss2/Desktop/ECE470Labs/Lab2/install/ece470labs/lib/python3.12/site-packages: /usr/bin/python3 -W ignore:setup.py install is deprecated -W ignore:easy_install command is deprecated setup.py develop --editable --build-directory /home/sahilss2/Desktop/ECE470Labs/Lab2/build/ece470labs/build --no-deps symlink_data
[2.035s] Level 1:colcon.colcon_core.shell:create_environment_hook('ece470labs', 'pythonpath_develop')
[2.035s] INFO:colcon.colcon_core.shell:Creating environment hook '/home/sahilss2/Desktop/ECE470Labs/Lab2/build/ece470labs/share/ece470labs/hook/pythonpath_develop.ps1'
[2.036s] DEBUG:colcon.colcon_core.event_handler.log_command:Invoked command in '/home/sahilss2/Desktop/ECE470Labs/Lab2/build/ece470labs' returned '0': DEBUGINFOD_URLS=https://debuginfod.ubuntu.com PYTHONPATH=/home/sahilss2/Desktop/ECE470Labs/Lab2/build/ece470labs/prefix_override:/usr/lib/python3/dist-packages/colcon_core/task/python/colcon_distutils_commands:/home/sahilss2/Desktop/ECE470Labs/Lab2/install/ece470labs/lib/python3.12/site-packages: /usr/bin/python3 -W ignore:setup.py install is deprecated -W ignore:easy_install command is deprecated setup.py develop --editable --build-directory /home/sahilss2/Desktop/ECE470Labs/Lab2/build/ece470labs/build --no-deps symlink_data
[2.036s] INFO:colcon.colcon_core.shell:Creating environment descriptor '/home/sahilss2/Desktop/ECE470Labs/Lab2/build/ece470labs/share/ece470labs/hook/pythonpath_develop.dsv'
[2.037s] INFO:colcon.colcon_core.shell:Creating environment hook '/home/sahilss2/Desktop/ECE470Labs/Lab2/build/ece470labs/share/ece470labs/hook/pythonpath_develop.sh'
[2.040s] Level 1:colcon.colcon_core.environment:checking '/home/sahilss2/Desktop/ECE470Labs/Lab2/install/ece470labs' for CMake module files
[2.040s] Level 1:colcon.colcon_core.environment:checking '/home/sahilss2/Desktop/ECE470Labs/Lab2/install/ece470labs' for CMake config files
[2.041s] Level 1:colcon.colcon_core.environment:checking '/home/sahilss2/Desktop/ECE470Labs/Lab2/install/ece470labs/lib'
[2.041s] Level 1:colcon.colcon_core.environment:checking '/home/sahilss2/Desktop/ECE470Labs/Lab2/install/ece470labs/bin'
[2.041s] Level 1:colcon.colcon_core.environment:checking '/home/sahilss2/Desktop/ECE470Labs/Lab2/install/ece470labs/lib/pkgconfig/ece470labs.pc'
[2.041s] Level 1:colcon.colcon_core.environment:checking '/home/sahilss2/Desktop/ECE470Labs/Lab2/install/ece470labs/lib/python3.12/site-packages'
[2.041s] Level 1:colcon.colcon_core.shell:create_environment_hook('ece470labs', 'pythonpath')
[2.041s] INFO:colcon.colcon_core.shell:Creating environment hook '/home/sahilss2/Desktop/ECE470Labs/Lab2/install/ece470labs/share/ece470labs/hook/pythonpath.ps1'
[2.042s] INFO:colcon.colcon_core.shell:Creating environment descriptor '/home/sahilss2/Desktop/ECE470Labs/Lab2/install/ece470labs/share/ece470labs/hook/pythonpath.dsv'
[2.042s] INFO:colcon.colcon_core.shell:Creating environment hook '/home/sahilss2/Desktop/ECE470Labs/Lab2/install/ece470labs/share/ece470labs/hook/pythonpath.sh'
[2.043s] Level 1:colcon.colcon_core.environment:checking '/home/sahilss2/Desktop/ECE470Labs/Lab2/install/ece470labs/bin'
[2.043s] Level 1:colcon.colcon_core.environment:create_environment_scripts_only(ece470labs)
[2.043s] INFO:colcon.colcon_core.shell:Creating package script '/home/sahilss2/Desktop/ECE470Labs/Lab2/install/ece470labs/share/ece470labs/package.ps1'
[2.044s] INFO:colcon.colcon_core.shell:Creating package descriptor '/home/sahilss2/Desktop/ECE470Labs/Lab2/install/ece470labs/share/ece470labs/package.dsv'
[2.045s] INFO:colcon.colcon_core.shell:Creating package script '/home/sahilss2/Desktop/ECE470Labs/Lab2/install/ece470labs/share/ece470labs/package.sh'
[2.045s] INFO:colcon.colcon_core.shell:Creating package script '/home/sahilss2/Desktop/ECE470Labs/Lab2/install/ece470labs/share/ece470labs/package.bash'
[2.046s] INFO:colcon.colcon_core.shell:Creating package script '/home/sahilss2/Desktop/ECE470Labs/Lab2/install/ece470labs/share/ece470labs/package.zsh'
[2.046s] Level 1:colcon.colcon_core.environment:create_file_with_runtime_dependencies(/home/sahilss2/Desktop/ECE470Labs/Lab2/install/ece470labs/share/colcon-core/packages/ece470labs)
[2.047s] DEBUG:colcon.colcon_parallel_executor.executor.parallel:closing loop
[2.047s] DEBUG:colcon.colcon_parallel_executor.executor.parallel:loop closed
[2.047s] DEBUG:colcon.colcon_parallel_executor.executor.parallel:run_until_complete finished with '0'
[2.047s] DEBUG:colcon.colcon_core.event_reactor:joining thread
[2.053s] INFO:colcon.colcon_core.plugin_system:Skipping extension 'colcon_notification.desktop_notification.terminal_notifier': Not used on non-Darwin systems
[2.053s] INFO:colcon.colcon_core.plugin_system:Skipping extension 'colcon_notification.desktop_notification.win32': Not used on non-Windows systems
[2.053s] INFO:colcon.colcon_notification.desktop_notification:Sending desktop notification using 'notify2'
[2.074s] DEBUG:colcon.colcon_core.event_reactor:joined thread
[2.074s] INFO:colcon.colcon_core.shell:Creating prefix script '/home/sahilss2/Desktop/ECE470Labs/Lab2/install/local_setup.ps1'
[2.075s] INFO:colcon.colcon_core.shell:Creating prefix util module '/home/sahilss2/Desktop/ECE470Labs/Lab2/install/_local_setup_util_ps1.py'
[2.076s] INFO:colcon.colcon_core.shell:Creating prefix chain script '/home/sahilss2/Desktop/ECE470Labs/Lab2/install/setup.ps1'
[2.077s] INFO:colcon.colcon_core.shell:Creating prefix script '/home/sahilss2/Desktop/ECE470Labs/Lab2/install/local_setup.sh'
[2.077s] INFO:colcon.colcon_core.shell:Creating prefix util module '/home/sahilss2/Desktop/ECE470Labs/Lab2/install/_local_setup_util_sh.py'
[2.078s] INFO:colcon.colcon_core.shell:Creating prefix chain script '/home/sahilss2/Desktop/ECE470Labs/Lab2/install/setup.sh'
[2.078s] INFO:colcon.colcon_core.shell:Creating prefix script '/home/sahilss2/Desktop/ECE470Labs/Lab2/install/local_setup.bash'
[2.079s] INFO:colcon.colcon_core.shell:Creating prefix chain script '/home/sahilss2/Desktop/ECE470Labs/Lab2/install/setup.bash'
[2.079s] INFO:colcon.colcon_core.shell:Creating prefix script '/home/sahilss2/Desktop/ECE470Labs/Lab2/install/local_setup.zsh'
[2.080s] INFO:colcon.colcon_core.shell:Creating prefix chain script '/home/sahilss2/Desktop/ECE470Labs/Lab2/install/setup.zsh'
