[1.885s] Invoking command in '/home/sahilss2/Desktop/ECE470Labs/Lab2/build/ece470labs': DEBUGINFOD_URLS=https://debuginfod.ubuntu.com PYTHONPATH=/home/sahilss2/Desktop/ECE470Labs/Lab2/build/ece470labs/prefix_override:/usr/lib/python3/dist-packages/colcon_core/task/python/colcon_distutils_commands:/home/sahilss2/Desktop/ECE470Labs/Lab2/install/ece470labs/lib/python3.12/site-packages:${PYTHONPATH} /usr/bin/python3 -W ignore:setup.py install is deprecated -W ignore:easy_install command is deprecated setup.py develop --editable --build-directory /home/sahilss2/Desktop/ECE470Labs/Lab2/build/ece470labs/build --no-deps symlink_data
[2.414s] running develop
[2.652s] running egg_info
[2.652s] creating ece470labs.egg-info
[2.673s] writing ece470labs.egg-info/PKG-INFO
[2.673s] writing dependency_links to ece470labs.egg-info/dependency_links.txt
[2.674s] writing entry points to ece470labs.egg-info/entry_points.txt
[2.674s] writing requirements to ece470labs.egg-info/requires.txt
[2.674s] writing top-level names to ece470labs.egg-info/top_level.txt
[2.674s] writing manifest file 'ece470labs.egg-info/SOURCES.txt'
[2.720s] reading manifest file 'ece470labs.egg-info/SOURCES.txt'
[2.721s] writing manifest file 'ece470labs.egg-info/SOURCES.txt'
[2.759s] running build_ext
[2.759s] Creating /home/sahilss2/Desktop/ECE470Labs/Lab2/install/ece470labs/lib/python3.12/site-packages/ece470labs.egg-link (link to .)
[2.759s] Installing lab2_exec script to /home/sahilss2/Desktop/ECE470Labs/Lab2/install/ece470labs/lib/ece470labs
[2.760s] Installing lab3_exec script to /home/sahilss2/Desktop/ECE470Labs/Lab2/install/ece470labs/lib/ece470labs
[2.760s] Installing lab4_exec script to /home/sahilss2/Desktop/ECE470Labs/Lab2/install/ece470labs/lib/ece470labs
[2.760s] Installing lab5_exec script to /home/sahilss2/Desktop/ECE470Labs/Lab2/install/ece470labs/lib/ece470labs
[2.760s] 
[2.761s] Installed /home/sahilss2/Desktop/ECE470Labs/Lab2/build/ece470labs
[2.761s] running symlink_data
[2.761s] creating /home/sahilss2/Desktop/ECE470Labs/Lab2/install/ece470labs/share/ament_index
[2.761s] creating /home/sahilss2/Desktop/ECE470Labs/Lab2/install/ece470labs/share/ament_index/resource_index
[2.761s] creating /home/sahilss2/Desktop/ECE470Labs/Lab2/install/ece470labs/share/ament_index/resource_index/packages
[2.761s] symbolically linking /home/sahilss2/Desktop/ECE470Labs/Lab2/build/ece470labs/resource/ece470labs -> /home/sahilss2/Desktop/ECE470Labs/Lab2/install/ece470labs/share/ament_index/resource_index/packages
[2.761s] symbolically linking /home/sahilss2/Desktop/ECE470Labs/Lab2/build/ece470labs/package.xml -> /home/sahilss2/Desktop/ECE470Labs/Lab2/install/ece470labs/share/ece470labs
[2.799s] Invoked command in '/home/sahilss2/Desktop/ECE470Labs/Lab2/build/ece470labs' returned '0': DEBUGINFOD_URLS=https://debuginfod.ubuntu.com PYTHONPATH=/home/sahilss2/Desktop/ECE470Labs/Lab2/build/ece470labs/prefix_override:/usr/lib/python3/dist-packages/colcon_core/task/python/colcon_distutils_commands:/home/sahilss2/Desktop/ECE470Labs/Lab2/install/ece470labs/lib/python3.12/site-packages:${PYTHONPATH} /usr/bin/python3 -W ignore:setup.py install is deprecated -W ignore:easy_install command is deprecated setup.py develop --editable --build-directory /home/sahilss2/Desktop/ECE470Labs/Lab2/build/ece470labs/build --no-deps symlink_data
